# serializer version: 1
# name: test_api_response_body_contracts
  dict({
    'error': dict({
      'data': None,
      'error': dict({
        'code': 'PROXY_POOL_EMPTY',
        'details': dict({
          'available_proxies': 0,
        }),
        'message': 'No proxies available in the pool',
        'timestamp': '2026-05-22T12:00:00Z',
      }),
      'meta': dict({
        'request_id': 'contract-request',
        'timestamp': '2026-05-22T12:00:00Z',
        'version': '1.0.0',
      }),
      'status': 'error',
    }),
    'health': dict({
      'status': 'healthy',
      'timestamp': '2026-05-22T12:00:00Z',
      'uptime_seconds': 60,
      'version': '1.0.0',
    }),
    'proxies': dict({
      'data': dict({
        'has_next': False,
        'has_prev': False,
        'items': list([
          dict({
            'created_at': '2026-05-22T12:00:00Z',
            'health': 'healthy',
            'id': '12345678-1234-5678-1234-567812345678',
            'protocol': 'http',
            'stats': dict({
              'avg_latency_ms': 123.45,
              'failed_requests': 1,
              'successful_requests': 11,
              'total_requests': 12,
            }),
            'status': 'healthy',
            'updated_at': '2026-05-22T12:00:00Z',
            'url': 'http://proxy.example.com:8080',
          }),
        ]),
        'page': 1,
        'page_size': 20,
        'total': 1,
      }),
      'error': None,
      'meta': dict({
        'request_id': 'contract-request',
        'timestamp': '2026-05-22T12:00:00Z',
        'version': '1.0.0',
      }),
      'status': 'success',
    }),
    'request': dict({
      'data': dict({
        'body': '{"ok": true}',
        'elapsed_ms': 125,
        'headers': dict({
          'content-type': 'application/json',
        }),
        'proxy_used': 'http://proxy.example.com:8080',
        'status_code': 200,
      }),
      'error': None,
      'meta': dict({
        'request_id': 'contract-request',
        'timestamp': '2026-05-22T12:00:00Z',
        'version': '1.0.0',
      }),
      'status': 'success',
    }),
    'status': dict({
      'config_source': 'defaults',
      'pool_stats': dict({
        'active': 1,
        'failed': 0,
        'healthy_percentage': 100.0,
        'last_rotation': '2026-05-22T12:00:00Z',
        'total': 1,
      }),
      'rotation_strategy': 'round-robin',
      'storage_backend': 'memory',
    }),
  })
# ---
# name: test_core_model_output_contracts
  dict({
    'cache_config': dict({
      'cleanup_interval_seconds': 60,
      'default_ttl_seconds': 3600,
      'enable_background_cleanup': False,
      'enable_statistics': True,
      'encryption_key': None,
      'failure_threshold': 3,
      'health_check_invalidation': True,
      'l1_config': dict({
        'enabled': True,
        'eviction_policy': 'lru',
        'max_entries': 1000,
      }),
      'l2_backend': 'jsonl',
      'l2_cache_dir': '.cache/proxies',
      'l2_config': dict({
        'enabled': True,
        'eviction_policy': 'lru',
        'max_entries': 5000,
      }),
      'l3_config': dict({
        'enabled': True,
        'eviction_policy': 'lru',
        'max_entries': None,
      }),
      'l3_database_path': '.cache/db/proxywhirl.db',
      'per_source_ttl': dict({
      }),
      'statistics_interval': 5,
      'ttl_cleanup_interval': 60,
    }),
    'cache_entry': dict({
      'access_count': 2,
      'consecutive_health_failures': 0,
      'consecutive_health_successes': 0,
      'evicted_from_l1': False,
      'expires_at': '2026-05-22T13:00:00+00:00',
      'failure_count': 0,
      'fetch_time': '2026-05-22T12:00:00+00:00',
      'health_status': 'healthy',
      'key': 'proxy:contract',
      'last_accessed': '2026-05-22T12:00:00+00:00',
      'last_health_check': None,
      'last_health_error': None,
      'next_check_time': None,
      'password': None,
      'proxy_url': 'http://proxy.example.com:8080',
      'recovery_attempt': 0,
      'source': 'contract-source',
      'total_health_check_failures': 0,
      'total_health_checks': 0,
      'ttl_seconds': 3600,
      'username': None,
    }),
    'pool': dict({
      'auto_remove_dead': False,
      'created_at': '2026-05-22T12:00:00Z',
      'dead_proxy_threshold': 5,
      'id': '12345678-1234-5678-1234-567812345678',
      'max_pool_size': 10,
      'name': 'contract-pool',
      'proxies': list([
        dict({
          'allow_local': False,
          'average_response_time_ms': 123.45,
          'consecutive_failures': 0,
          'consecutive_successes': 0,
          'cost_per_request': 0.0,
          'country_code': 'US',
          'created_at': '2026-05-22T12:00:00Z',
          'ema_alpha': 0.2,
          'ema_response_time_ms': None,
          'expires_at': None,
          'health_status': 'healthy',
          'id': '12345678-1234-5678-1234-567812345678',
          'last_failure_at': None,
          'last_health_check': None,
          'last_health_error': None,
          'last_success_at': '2026-05-22T12:00:00Z',
          'latency_ms': 111.0,
          'metadata': dict({
          }),
          'next_check_time': None,
          'password': None,
          'protocol': 'http',
          'recovery_attempt': 0,
          'region': None,
          'requests_active': 0,
          'requests_completed': 0,
          'requests_started': 0,
          'source': 'fetched',
          'source_url': 'https://sources.example.com/list.txt',
          'tags': list([
            'free',
          ]),
          'total_checks': 0,
          'total_failures': 1,
          'total_health_failures': 0,
          'total_requests': 12,
          'total_successes': 11,
          'ttl': None,
          'updated_at': '2026-05-22T12:00:00Z',
          'url': 'http://proxy.example.com:8080',
          'username': None,
          'window_duration_seconds': 3600,
          'window_start': None,
        }),
      ]),
      'updated_at': '2026-05-22T12:00:00Z',
    }),
    'proxy': dict({
      'allow_local': False,
      'average_response_time_ms': 123.45,
      'consecutive_failures': 0,
      'consecutive_successes': 0,
      'cost_per_request': 0.0,
      'country_code': 'US',
      'created_at': '2026-05-22T12:00:00Z',
      'ema_alpha': 0.2,
      'ema_response_time_ms': None,
      'expires_at': None,
      'health_status': 'healthy',
      'id': '12345678-1234-5678-1234-567812345678',
      'last_failure_at': None,
      'last_health_check': None,
      'last_health_error': None,
      'last_success_at': '2026-05-22T12:00:00Z',
      'latency_ms': 111.0,
      'metadata': dict({
      }),
      'next_check_time': None,
      'password': None,
      'protocol': 'http',
      'recovery_attempt': 0,
      'region': None,
      'requests_active': 0,
      'requests_completed': 0,
      'requests_started': 0,
      'source': 'fetched',
      'source_url': 'https://sources.example.com/list.txt',
      'tags': list([
        'free',
      ]),
      'total_checks': 0,
      'total_failures': 1,
      'total_health_failures': 0,
      'total_requests': 12,
      'total_successes': 11,
      'ttl': None,
      'updated_at': '2026-05-22T12:00:00Z',
      'url': 'http://proxy.example.com:8080',
      'username': None,
      'window_duration_seconds': 3600,
      'window_start': None,
    }),
    'session': dict({
      'created_at': '2026-05-22T12:00:00Z',
      'expires_at': '2026-05-22T12:05:00Z',
      'last_used_at': '2026-05-22T12:00:00Z',
      'proxy_id': '12345678-1234-5678-1234-567812345678',
      'request_count': 3,
      'session_id': 'session-1',
    }),
    'source': dict({
      'auth': None,
      'custom_parser': None,
      'enabled': True,
      'format': 'plain_text',
      'headers': dict({
      }),
      'metadata': dict({
        'owner': 'contract',
      }),
      'parser': None,
      'priority': 10,
      'protocol': 'http',
      'refresh_interval': 600,
      'render_mode': 'static',
      'trusted': False,
      'url': 'https://sources.example.com/list.txt',
      'wait_selector': None,
      'wait_timeout': 30000,
    }),
    'source_stats': dict({
      'fetch_failure_count': 1,
      'invalid_count': 5,
      'last_error': 'timeout',
      'last_fetch_at': '2026-05-22T12:00:00Z',
      'last_fetch_duration_ms': 42.5,
      'source_url': 'https://sources.example.com/list.txt',
      'total_fetched': 20,
      'valid_count': 15,
    }),
    'validation_result': dict({
      'is_valid': True,
      'response_time_ms': 87.5,
    }),
  })
# ---
# name: test_mcp_structured_output_contracts
  dict({
    'add_requires_proxy_url': dict({
      'code': 400,
      'error': 'proxy_url required for add action',
    }),
    'selection_prompt': list([
      '# Proxy Selection Workflow',
      '',
      'Use this workflow to select the optimal proxy for your request:',
      '',
      '## Step 1: Assess Requirements',
      "- What is the target geography? (Use 'recommend' with region criteria)",
      '- What performance tier do you need? (high/medium/low)',
      '- Is this a one-time request or part of a session?',
      '',
      '## Step 2: Check Pool Health',
      '- Call proxywhirl(action="health") to assess overall pool status',
      '- If pool_status is "critical" or "empty", consider fetching new proxies',
      '',
      '## Step 3: Get Recommendation',
      '- Call proxywhirl(action="recommend", criteria={"region": "US", "performance": "high"})',
      '- Review the recommendation and alternatives',
      '',
      '## Step 4: Verify Selected Proxy',
      '- Call proxywhirl(action="status", proxy_id="<selected_id>")',
      '- Check circuit_breaker state (should be "closed")',
      '- Review success_rate and avg_latency_ms',
      '',
      '## Step 5: Use or Rotate',
      '- If proxy looks good, use it for your request',
      '- If issues arise, call proxywhirl(action="rotate") for next proxy',
      '- If circuit breaker is open, call proxywhirl(action="reset_cb", proxy_id="<id>")',
      '',
      '## Common Issues',
      '- All proxies failing: Check if target site is blocking proxies',
      '- High latency: Try "high" performance tier recommendation',
      '- Authentication errors: Verify proxy credentials',
    ]),
    'set_strategy_requires_strategy': dict({
      'code': 400,
      'error': 'strategy required for set_strategy action',
    }),
    'status_requires_proxy_id': dict({
      'code': 400,
      'error': 'proxy_id required for status action',
    }),
    'unknown_action': dict({
      'code': 400,
      'error': 'Unknown action: unknown',
    }),
  })
# ---
